#levels/level107.json, 1
#levels/level108.json, 1
#levels/level109.json, 1
#levels/level102.json, 1 ,1
#levels/level101.json, 1
#levels/level103.json, 1
#levels/level1.json, 1
#levels/level104.json, 1
#levels/level105.json, 1
#levels/level106.json, 1
#levels/level2.json, 1
#levels/level3.json, 1
#levels/level4.json, 1, 10
#levels/level5.json, 1
#levels/level6.json, 1
#levels/level7.json, 1
#levels/level8.json, 1
#levels/level9.json, 1
#levels/level10.json, 1
#levels/level11.json, 1
#levels/level12.json, 1
#levels/level13.json, 1
#levels/level14.json, 1, 20
#levels/level15.json, 1
#levels/level16.json, 1
#levels/level17.json, 1
#levels/level18.json, 1
#levels/level19.json, 1
#levels/level20.json, 1
#levels/level21.json, 1
#levels/level22.json, 1
#levels/level23.json, 1
#levels/level24.json, 1, 30
#levels/level44.json, 1
#levels/level25.json, 1
#levels/level45.json, 1
#levels/level47.json, 1
#levels/level46.json, 1
#levels/level26.json, 1
#levels/level27.json, 1
#levels/level28.json, 1
#levels/level29.json, 1
#levels/level30.json, 1, 40
#levels/level31.json, 1
#levels/level32.json, 1
#levels/level33.json, 1
#levels/level34.json, 1
#levels/level35.json, 1
#levels/level36.json, 1
#levels/level37.json, 1
#levels/level38.json, 1
#levels/level39.json, 1
#levels/level40.json, 1, 50
#levels/level41.json, 1
#levels/level42.json, 1
#levels/level43.json, 1
#levels/level48.json, 1
#levels/level49.json, 1
#levels/level50.json, 1
#levels/level51.json, 1
#levels/level52.json, 1
#levels/level53.json, 1
#levels/level54.json, 1, 60
#levels/level55.json, 1
#levels/level56.json, 1
#levels/level57.json, 1
#levels/level58.json, 1
#levels/level59.json, 1
#levels/level60.json, 1
#levels/level61.json, 1
#levels/level62.json, 1
#levels/level63.json, 1
#levels/level64.json, 1
#levels/level65.json, 1
#levels/level66.json, 1
#levels/level67.json, 1
#levels/level68.json, 1
#levels/level69.json, 1
#levels/level70.json, 1
#levels/level71.json, 1
#levels/level72.json, 1
#levels/level73.json, 1
#levels/level74.json, 1
#levels/level75.json, 1
#levels/level76.json, 1
#levels/level77.json, 1
#levels/level78.json, 1
#levels/level79.json, 1
#levels/level81.json, 1
#levels/level82.json, 1
#levels/level83.json, 1
#levels/level84.json, 1
#levels/level85.json, 1, 90
#levels/level86.json, 1
#levels/level87.json, 1
#levels/level88.json, 1
#levels/level89.json, 1
#levels/level90.json, 1
#levels/level91.json, 1
#levels/level92.json, 1
#levels/level93.json, 1
#levels/level94.json, 1
#levels/level95.json, 1, 100
#levels/level96.json, 1
#levels/level97.json, 1
#levels/level98.json, 1
#levels/level99.json, 1
#levels/level100.json, 1
#levels/level80.json, 1
